
> lsso@0.0.1 test:e2e
> jest --config ./test/jest-e2e.json organization.e2e-spec.ts --maxWorkers=1 --testTimeout=60000 --verbose

  console.log
    ??E2E ?뚯뒪???뚯씪 ?묒꽦 ?꾨즺

      at organization.e2e-spec.ts:725:13

  console.log
    ???뚯뒪??吏곸썝 ?ㅼ젙 ?꾨즺 (SEED_1764917931446_1)

      at setupTestEmployees (organization.e2e-spec.ts:212:17)

  console.log
    department Department {
      id: 'cb94f14b-cbbd-4f12-93f1-7df684d026a2',
      departmentName: 'E2E?뚯뒪?몃낯遺_1',
      departmentCode: 'E2E_1764925048986_DEPT_1',
      type: 'DEPARTMENT',
      parentDepartmentId: null,
      order: 9001,
      isActive: true,
      isException: false,
      isDeleted: false,
      deletedAt: null,
      createdAt: 2025-12-04T23:57:29.299Z,
      updatedAt: 2025-12-04T23:57:29.299Z
    }

      at DomainDepartmentService.exists (../src/modules/domain/department/department.service.ts:130:17)

npm : [31m[Nest] 37564  - [39m2025. 12. 05. ?ㅽ썑 5:57:29 [31m  ERROR[39m [3
8;5;3m[ExceptionsHandler] [39m[31m?대? 議댁옱?섎뒗 遺??肄붾뱶?낅땲??[39m
위치 줄:1 문자:1
+ npm run test:e2e -- organization.e2e-spec.ts --maxWorkers=1 --testTim ...
+ ~~~~~~~~~~~~~~~~~~~~~~~~~~~~~~~~~~~~~~~~~~~~~~~~~~~~~~~~~~~~~~~~~~~~~
    + CategoryInfo          : NotSpecified: ([31m[Nest] 375...??肄붾뱶?낅땲??[39m 
   :String) [], RemoteException
    + FullyQualifiedErrorId : NativeCommandError
 
Error: ?대? 議댁옱?섎뒗 遺??肄붾뱶?낅땲??
    at DepartmentManagementContextService.遺?쒕?_?앹꽦?쒕떎 (C:\Users\USER\Desktop\p
rojects\lsso\src\modules\context\organization-management\department-management-
context.service.ts:103:19)
    at processTicksAndRejections (node:internal/process/task_queues:95:5)
    at C:\Users\USER\Desktop\projects\lsso\src\modules\application\admin\organi
zation\services\department-application.service.ts:100:35
    at withTransaction (C:\Users\USER\Desktop\projects\lsso\libs\common\utils\t
ransaction.util.ts:32:24)
    at DepartmentApplicationService.遺?쒖깮??(C:\Users\USER\Desktop\projects\lsso
\src\modules\application\admin\organization\services\department-application.ser
vice.ts:99:16)
    at DepartmentController.createDepartment (C:\Users\USER\Desktop\projects\ls
so\src\modules\application\admin\organization\controllers\department.controller
.ts:73:16)
    at C:\Users\USER\Desktop\projects\lsso\node_modules\@nestjs\core\router\rou
ter-execution-context.js:46:28
    at C:\Users\USER\Desktop\projects\lsso\node_modules\@nestjs\core\router\rou
ter-proxy.js:9:17
[31m[Nest] 37564  - [39m2025. 12. 05. ?ㅽ썑 5:57:29 [31m  ERROR[39m [38;5;3m
[ExceptionsHandler] [39m[31mCannot read properties of null (reading 'id')[39
m
TypeError: Cannot read properties of null (reading 'id')
    at DepartmentApplicationService.遺?쒕?_?묐떟DTO濡?蹂?섑븳??(C:\Users\USER\Desktop
\projects\lsso\src\modules\application\admin\organization\services\department-a
pplication.service.ts:191:24)
    at DepartmentApplicationService.遺?쒖긽?몄“??(C:\Users\USER\Desktop\projects\l
sso\src\modules\application\admin\organization\services\department-application.
service.ts:93:21)
    at processTicksAndRejections (node:internal/process/task_queues:95:5)
    at DepartmentController.getDepartment (C:\Users\USER\Desktop\projects\lsso\
src\modules\application\admin\organization\controllers\department.controller.ts
:65:16)
    at C:\Users\USER\Desktop\projects\lsso\node_modules\@nestjs\core\router\rou
ter-execution-context.js:46:28
    at C:\Users\USER\Desktop\projects\lsso\node_modules\@nestjs\core\router\rou
ter-proxy.js:9:17
[31m[Nest] 37564  - [39m2025. 12. 05. ?ㅽ썑 5:57:29 [31m  ERROR[39m [38;5;3m
[ExceptionsHandler] [39m[31m?섏쐞 遺?쒓? 議댁옱?섏뿬 ??젣?????놁뒿?덈떎.[39m
Error: ?섏쐞 遺?쒓? 議댁옱?섏뿬 ??젣?????놁뒿?덈떎.
    at DepartmentManagementContextService.遺?쒕?_??젣?쒕떎 (C:\Users\USER\Desktop\p
rojects\lsso\src\modules\context\organization-management\department-management-
context.service.ts:231:19)
    at processTicksAndRejections (node:internal/process/task_queues:95:5)
    at C:\Users\USER\Desktop\projects\lsso\src\modules\application\admin\organi
zation\services\department-application.service.ts:128:13
    at withTransaction (C:\Users\USER\Desktop\projects\lsso\libs\common\utils\t
ransaction.util.ts:32:24)
    at DepartmentApplicationService.遺?쒖궘??(C:\Users\USER\Desktop\projects\lsso
\src\modules\application\admin\organization\services\department-application.ser
vice.ts:127:9)
    at DepartmentController.deleteDepartment (C:\Users\USER\Desktop\projects\ls
so\src\modules\application\admin\organization\controllers\department.controller
.ts:93:16)
    at C:\Users\USER\Desktop\projects\lsso\node_modules\@nestjs\core\router\rou
ter-execution-context.js:46:28
    at C:\Users\USER\Desktop\projects\lsso\node_modules\@nestjs\core\router\rou
ter-proxy.js:9:17
  console.log
    position null

      at DomainPositionService.isCodeDuplicate (../src/modules/domain/position/position.service.ts:205:17)

  console.log
    position null

      at DomainPositionService.isCodeDuplicate (../src/modules/domain/position/position.service.ts:205:17)

[31m[Nest] 37564  - [39m2025. 12. 05. ?ㅽ썑 5:57:29 [31m  ERROR[39m [38;5;3m
[ExceptionsHandler] [39m[31minvalid input syntax for type uuid: "undefined"[
39m
QueryFailedError: invalid input syntax for type uuid: "undefined"
    at PostgresQueryRunner.query (C:\Users\USER\Desktop\projects\lsso\src\drive
r\postgres\PostgresQueryRunner.ts:325:19)
    at processTicksAndRejections (node:internal/process/task_queues:95:5)
    at SelectQueryBuilder.loadRawResults (C:\Users\USER\Desktop\projects\lsso\s
rc\query-builder\SelectQueryBuilder.ts:3863:25)
    at SelectQueryBuilder.executeEntitiesAndRawResults (C:\Users\USER\Desktop\p
rojects\lsso\src\query-builder\SelectQueryBuilder.ts:3609:26)
    at SelectQueryBuilder.getRawAndEntities (C:\Users\USER\Desktop\projects\lss
o\src\query-builder\SelectQueryBuilder.ts:1671:29)
    at SelectQueryBuilder.getOne (C:\Users\USER\Desktop\projects\lsso\src\query
-builder\SelectQueryBuilder.ts:1698:25)
    at DomainPositionRepository.findOne (C:\Users\USER\Desktop\projects\lsso\li
bs\common\repositories\base.repository.ts:37:16)
    at DomainPositionService.findById (C:\Users\USER\Desktop\projects\lsso\src\
modules\domain\position\position.service.ts:16:26)
    at PositionManagementContextService.吏곸콉???섏젙?쒕떎 (C:\Users\USER\Desktop\proj
ects\lsso\src\modules\context\organization-management\position-management-conte
xt.service.ts:105:26)
    at C:\Users\USER\Desktop\projects\lsso\src\modules\application\admin\organi
zation\services\position-application.service.ts:38:37
    at withTransaction (C:\Users\USER\Desktop\projects\lsso\libs\common\utils\t
ransaction.util.ts:32:24)
    at PositionApplicationService.吏곸콉?섏젙 (C:\Users\USER\Desktop\projects\lsso\s
rc\modules\application\admin\organization\services\position-application.service
.ts:37:16)
    at PositionController.updatePosition (C:\Users\USER\Desktop\projects\lsso\s
rc\modules\application\admin\organization\controllers\position.controller.ts:35
:16)
    at C:\Users\USER\Desktop\projects\lsso\node_modules\@nestjs\core\router\rou
ter-execution-context.js:46:28
    at C:\Users\USER\Desktop\projects\lsso\node_modules\@nestjs\core\router\rou
ter-proxy.js:9:17
  console.log
    rank null

      at DomainRankService.isCodeDuplicate (../src/modules/domain/rank/rank.service.ts:109:17)

  console.log
    department Department {
      id: 'cb94f14b-cbbd-4f12-93f1-7df684d026a2',
      departmentName: 'E2E?뚯뒪?몃낯遺_?섏젙_1764925049361',
      departmentCode: 'E2E_1764925048986_DEPT_1',
      type: 'DEPARTMENT',
      parentDepartmentId: null,
      order: 0,
      isActive: true,
      isException: false,
      isDeleted: false,
      deletedAt: null,
      createdAt: 2025-12-04T23:57:29.299Z,
      updatedAt: 2025-12-04T23:57:29.406Z
    }

      at DomainDepartmentService.exists (../src/modules/domain/department/department.service.ts:130:17)
          at async Promise.all (index 3)

  console.log
    rank Rank {
      id: '75375d93-0d17-41c5-b17a-97400d2d9bb6',
      rankName: 'E2E吏곴툒_5',
      rankCode: 'E2E_1764925048986_RANK_5',
      level: 7005,
      createdAt: 2025-12-04T23:57:29.546Z,
      updatedAt: 2025-12-04T23:57:29.546Z
    }

      at DomainRankService.exists (../src/modules/domain/rank/rank.service.ts:97:17)
          at async Promise.all (index 2)

[31m[Nest] 37564  - [39m2025. 12. 05. ?ㅽ썑 5:57:29 [31m  ERROR[39m [38;5;3m
[ExceptionsHandler] [39m[31minsert or update on table "employee_rank_historie
s" violates foreign key constraint "FK_cd94cb9618b3a0d150e1d403d6f"[39m
QueryFailedError: insert or update on table "employee_rank_histories" violates 
foreign key constraint "FK_cd94cb9618b3a0d150e1d403d6f"
    at PostgresQueryRunner.query (C:\Users\USER\Desktop\projects\lsso\src\drive
r\postgres\PostgresQueryRunner.ts:325:19)
    at processTicksAndRejections (node:internal/process/task_queues:95:5)
    at InsertQueryBuilder.execute (C:\Users\USER\Desktop\projects\lsso\src\quer
y-builder\InsertQueryBuilder.ts:164:33)
    at SubjectExecutor.executeInsertOperations (C:\Users\USER\Desktop\projects\
lsso\src\persistence\SubjectExecutor.ts:435:42)
    at SubjectExecutor.execute (C:\Users\USER\Desktop\projects\lsso\src\persist
ence\SubjectExecutor.ts:137:9)
    at EntityPersistExecutor.execute (C:\Users\USER\Desktop\projects\lsso\src\p
ersistence\EntityPersistExecutor.ts:182:21)
    at EmployeeManagementContextService.吏곸썝???앹꽦?쒕떎 (C:\Users\USER\Desktop\proj
ects\lsso\src\modules\context\organization-management\employee-management-conte
xt.service.ts:379:13)
    at C:\Users\USER\Desktop\projects\lsso\src\modules\application\admin\organi
zation\services\employee-application.service.ts:136:20
    at withTransaction (C:\Users\USER\Desktop\projects\lsso\libs\common\utils\t
ransaction.util.ts:32:24)
    at EmployeeApplicationService.吏곸썝?앹꽦 (C:\Users\USER\Desktop\projects\lsso\s
rc\modules\application\admin\organization\services\employee-application.service
.ts:135:24)
    at EmployeeController.createEmployee (C:\Users\USER\Desktop\projects\lsso\s
rc\modules\application\admin\organization\controllers\employee.controller.ts:73
:16)
    at C:\Users\USER\Desktop\projects\lsso\node_modules\@nestjs\core\router\rou
ter-execution-context.js:46:28
    at C:\Users\USER\Desktop\projects\lsso\node_modules\@nestjs\core\router\rou
ter-proxy.js:9:17
  console.log
    ??Test data cleaned up successfully

      at cleanupTestData (organization.e2e-spec.ts:295:25)

FAIL test/organization.e2e-spec.ts
  OrganizationController (e2e)
    遺??愿由?(Department Management)
      POST /admin/organizations/departments - 遺???앹꽦
        ?????뺤긽: 理쒖긽??遺???앹꽦 (45 ms)
        ?????뺤긽: ?섏쐞 遺???앹꽦 (18 ms)
        횞 ???ㅽ뙣: 以묐났??遺??肄붾뱶 (12 ms)
        ??skipped ???ㅽ뙣: ?몄쬆 ?좏겙 ?놁씠 ?붿껌
      GET /admin/organizations/departments/:id - 遺??議고쉶
        ?????뺤긽: 遺??議고쉶 ?깃났 (4 ms)
        ?????ㅽ뙣: 議댁옱?섏? ?딅뒗 遺??(4 ms)
      GET /admin/organizations/departments - ?꾩껜 遺??議고쉶
        ?????뺤긽: 怨꾩링援ъ“濡?遺??議고쉶 (7 ms)
      PUT /admin/organizations/departments/:id - 遺???섏젙
        ?????뺤긽: 遺???대쫫 ?섏젙 (12 ms)
        ?????뺤긽: 遺???쒖꽦???곹깭 蹂寃?(23 ms)
      PATCH /admin/organizations/departments/:id/order - 遺???쒖꽌 蹂寃?        ??
???뺤긽: 遺???쒖꽌 蹂寃?(51 ms)
      DELETE /admin/organizations/departments/:id - 遺????젣
        ?????ㅽ뙣: ?섏쐞 遺?쒓? ?덈뒗 遺????젣 (6 ms)
        ?????뺤긽: ?섏쐞 遺???녿뒗 遺????젣 (13 ms)
    吏곸콉 愿由?(Position Management)
      POST /admin/organizations/positions - 吏곸콉 ?앹꽦
        횞 ???뺤긽: 吏곸콉 ?앹꽦 ?깃났 (9 ms)
        ?????ㅽ뙣: 以묐났??level (6 ms)
        ??skipped ???ㅽ뙣: ?몄쬆 ?놁씠 ?붿껌
      GET /admin/organizations/positions - ?꾩껜 吏곸콉 議고쉶
        ?????뺤긽: 紐⑤뱺 吏곸콉 議고쉶 (3 ms)
      PUT /admin/organizations/positions/:id - 吏곸콉 ?섏젙
        횞 ???뺤긽: 吏곸콉紐??섏젙 (40 ms)
      DELETE /admin/organizations/positions/:id - 吏곸콉 ??젣
        ?????ㅽ뙣: 諛곗튂??吏곸썝???덈뒗 吏곸콉 ??젣 (9 ms)
    吏곴툒 愿由?(Rank Management)
      POST /admin/organizations/ranks - 吏곴툒 ?앹꽦
        ?????뺤긽: 吏곴툒 ?앹꽦 ?깃났 (9 ms)
      GET /admin/organizations/ranks - ?꾩껜 吏곴툒 議고쉶
        ?????뺤긽: 紐⑤뱺 吏곴툒 議고쉶 (4 ms)
    吏곸썝 愿由?(Employee Management)
      POST /admin/organizations/employees - 吏곸썝 ?앹꽦
        횞 ???뺤긽: ?꾩쟾???뺣낫濡?吏곸썝 ?앹꽦 (90 ms)
      GET /admin/organizations/employees - ?꾩껜 吏곸썝 議고쉶
        ?????뺤긽: 紐⑤뱺 吏곸썝 議고쉶 (11 ms)
        ?????뺤긽: ?ъ쭅?곹깭 ?꾪꽣留?(8 ms)

  ??OrganizationController (e2e) ??遺??愿由?(Department Management) ??POST /admi
n/organizations/departments - 遺???앹꽦 ?????ㅽ뙣: 以묐났??遺??肄붾뱶

    expect(received).toContain(expected) // indexOf

    Expected value: 500
    Received array: [400, 409]

    [0m [90m 366 |[39m
     [90m 367 |[39m                 [90m// 以묐났 肄붾뱶 寃利앹쑝濡?400 ?먮뒗 409 湲곕?[3
9m
    [31m[1m>[22m[39m[90m 368 |[39m                 expect([[35m400[39m
[33m,[39m [35m409[39m])[33m.[39mtoContain(response[33m.[39mstatus)[33m;
[39m
     [90m     |[39m                                    [31m[1m^[22m[39m
     [90m 369 |[39m             })[33m;[39m
     [90m 370 |[39m
     [90m 371 |[39m             it[33m.[39mskip([32m'???ㅽ뙣: ?몄쬆 ?좏겙 ?놁씠 ?붿
껌'[39m[33m,[39m [36masync[39m () [33m=>[39m {[0m

      at Object.<anonymous> (organization.e2e-spec.ts:368:36)

  ??OrganizationController (e2e) ??吏곸콉 愿由?(Position Management) ??POST /admin/
organizations/positions - 吏곸콉 ?앹꽦 ?????뺤긽: 吏곸콉 ?앹꽦 ?깃났

    expected 201 "Created", got 400 "Bad Request"

    [0m [90m 535 |[39m                         hasManagementAuthority[33m:
[39m [36mfalse[39m[33m,[39m
     [90m 536 |[39m                     })
    [31m[1m>[22m[39m[90m 537 |[39m                     [33m.[39mexpect(
[35m201[39m)[33m;[39m
     [90m     |[39m                      [31m[1m^[22m[39m
     [90m 538 |[39m
     [90m 539 |[39m                 expect(response[33m.[39mbody)[33m.[39
mtoHaveProperty([32m'id'[39m)[33m;[39m
     [90m 540 |[39m                 expect(response[33m.[39mbody[33m.[39m
positionTitle)[33m.[39mtoBe([32m`E2E吏곸콉_${testId}`[39m)[33m;[39m[0m

      at Object.<anonymous> (organization.e2e-spec.ts:537:22)
      ----
      at Test._assertStatus (../node_modules/supertest/lib/test.js:309:14)
      at ../node_modules/supertest/lib/test.js:365:13
      at Test._assertFunction (../node_modules/supertest/lib/test.js:342:13)
      at Test.assert (../node_modules/supertest/lib/test.js:195:23)
      at localAssert (../node_modules/supertest/lib/test.js:138:14)
      at Server.<anonymous> (../node_modules/supertest/lib/test.js:152:11)

  ??OrganizationController (e2e) ??吏곸콉 愿由?(Position Management) ??PUT /admin/o
rganizations/positions/:id - 吏곸콉 ?섏젙 ?????뺤긽: 吏곸콉紐??섏젙

    expected 200 "OK", got 500 "Internal Server Error"

    [0m [90m 594 |[39m                         positionTitle[33m:[39m [32
m`E2E吏곸콉_?섏젙_${testId}`[39m[33m,[39m
     [90m 595 |[39m                     })
    [31m[1m>[22m[39m[90m 596 |[39m                     [33m.[39mexpect(
[35m200[39m)[33m;[39m
     [90m     |[39m                      [31m[1m^[22m[39m
     [90m 597 |[39m
     [90m 598 |[39m                 expect(response[33m.[39mbody[33m.[39m
positionTitle)[33m.[39mtoBe([32m`E2E吏곸콉_?섏젙_${testId}`[39m)[33m;[39m
     [90m 599 |[39m             })[33m;[39m[0m

      at Object.<anonymous> (organization.e2e-spec.ts:596:22)
      ----
      at Test._assertStatus (../node_modules/supertest/lib/test.js:309:14)
      at ../node_modules/supertest/lib/test.js:365:13
      at Test._assertFunction (../node_modules/supertest/lib/test.js:342:13)
      at Test.assert (../node_modules/supertest/lib/test.js:195:23)
      at localAssert (../node_modules/supertest/lib/test.js:138:14)
      at Server.<anonymous> (../node_modules/supertest/lib/test.js:152:11)

  ??OrganizationController (e2e) ??吏곸썝 愿由?(Employee Management) ??POST /admin/
organizations/employees - 吏곸썝 ?앹꽦 ?????뺤긽: ?꾩쟾???뺣낫濡?吏곸썝 ?앹꽦

    expected 201 "Created", got 500 "Internal Server Error"

    [0m [90m 683 |[39m                         isManager[33m:[39m [36mfal
se[39m[33m,[39m
     [90m 684 |[39m                     })
    [31m[1m>[22m[39m[90m 685 |[39m                     [33m.[39mexpect(
[35m201[39m)[33m;[39m
     [90m     |[39m                      [31m[1m^[22m[39m
     [90m 686 |[39m
     [90m 687 |[39m                 expect(response[33m.[39mbody)[33m.[39
mtoHaveProperty([32m'id'[39m)[33m;[39m
     [90m 688 |[39m                 expect(response[33m.[39mbody[33m.[39m
name)[33m.[39mtoBe([32m`E2E?뚯뒪?몄쭅??${testId}`[39m)[33m;[39m[0m

      at Object.<anonymous> (organization.e2e-spec.ts:685:22)
      ----
      at Test._assertStatus (../node_modules/supertest/lib/test.js:309:14)
      at ../node_modules/supertest/lib/test.js:365:13
      at Test._assertFunction (../node_modules/supertest/lib/test.js:342:13)
      at Test.assert (../node_modules/supertest/lib/test.js:195:23)
      at localAssert (../node_modules/supertest/lib/test.js:138:14)
      at Server.<anonymous> (../node_modules/supertest/lib/test.js:152:11)

Test Suites: 1 failed, 1 total
Tests:       4 failed, 2 skipped, 17 passed, 23 total
Snapshots:   0 total
Time:        3.636 s, estimated 5 s
Ran all test suites matching /organization.e2e-spec.ts/i.
